all 510 translates: |V|=31771 |E|=235592 -> UNSAT (146s)
  removed 64 translates -> 446 left, |V|=29852 (269s)
  removed 64 translates -> 382 left, |V|=27605 (378s)
  removed 64 translates -> 318 left, |V|=24474 (491s)
  removed 64 translates -> 254 left, |V|=20381 (574s)
  removed 64 translates -> 190 left, |V|=17208 (650s)
  removed 64 translates -> 126 left, |V|=12521 (1966s)
chunk 64 pass done: 126 translates (1979s)
  removed 32 translates -> 94 left, |V|=10628 (3287s)
  removed 32 translates -> 62 left, |V|=7060 (3337s)
chunk 32 pass done: 62 translates (3347s)
chunk 16 pass done: 62 translates (3378s)
  removed 8 translates -> 54 left, |V|=6331 (3438s)
chunk 8 pass done: 54 translates (3577s)
  removed 4 translates -> 50 left, |V|=6008 (3761s)
  removed 4 translates -> 46 left, |V|=5556 (3803s)
  removed 2 translates -> 44 left, |V|=5476 (3936s)
chunk 4 pass done: 44 translates (3936s)
  removed 2 translates -> 42 left, |V|=5353 (4044s)
  removed 2 translates -> 40 left, |V|=5231 (4216s)
  removed 2 translates -> 38 left, |V|=5060 (4289s)
  removed 2 translates -> 36 left, |V|=4888 (4329s)
chunk 2 pass done: 36 translates (4463s)
  removed 1 translates -> 35 left, |V|=4825 (4525s)
  removed 1 translates -> 34 left, |V|=4773 (4685s)
  removed 1 translates -> 33 left, |V|=4716 (4737s)
  removed 1 translates -> 32 left, |V|=4662 (4834s)
  removed 1 translates -> 31 left, |V|=4595 (4909s)
  removed 1 translates -> 30 left, |V|=4433 (4958s)
  removed 1 translates -> 29 left, |V|=4343 (5079s)
  removed 1 translates -> 28 left, |V|=4262 (5159s)
  removed 1 translates -> 27 left, |V|=4181 (5200s)
  removed 1 translates -> 26 left, |V|=4064 (5248s)
chunk 1 pass done: 26 translates (5302s)
final: 26 translates, |V|=4064 |E|=22202, radius 1.4999 (5340s)
wrote notes/small5_tr15.xy
TM_DONE
